INFO:     Started server process [29492]
INFO:     Waiting for application startup.
[WakeWordDiscovery] No .ppn files found in any candidate directory. Searched: ['C:\\Users\\midas\\Desktop\\IRISVOICE\\models\\wake_words', 'C:\\Users\\midas\\Desktop\\IRISVOICE\\models\\wake_words', 'C:\\Users\\midas\\Desktop\\models\\wake_words', 'C:\\Users\\midas\\models\\wake_words']
[WakeWordDiscovery] Wake words directory does not exist: C:\Users\midas\models\wake_words
[WakeWordDiscovery] No .ppn files found in any candidate directory. Searched: ['C:\\Users\\midas\\Desktop\\IRISVOICE\\models\\wake_words', 'C:\\Users\\midas\\Desktop\\IRISVOICE\\models\\wake_words', 'C:\\Users\\midas\\Desktop\\models\\wake_words', 'C:\\Users\\midas\\models\\wake_words']
[WakeWordDiscovery] Wake words directory does not exist: C:\Users\midas\models\wake_words
[PorcupineDetector] Disabled — Picovoice access key not set. Set PICOVOICE_ACCESS_KEY env var or pass access_key= to enable wake word detection. Get a free key at https://console.picovoice.ai/
[db] sqlcipher3 not available — falling back to unencrypted sqlite3. Memory data is NOT encrypted at rest. To suppress: install sqlcipher3. To require encryption: set IRIS_MEMORY_ENCRYPTION=1.
[MCMOrchestrator] protocol validation failed, using defaults: 4 validation errors for CollaborationRules
context_control_codes.enabled
  Input should be a valid dictionary or instance of ContextControlCode [type=model_type, input_value=True, input_type=bool]
    For further information visit https://errors.pydantic.dev/2.13/v/model_type
context_control_codes.prefix
  Input should be a valid dictionary or instance of ContextControlCode [type=model_type, input_value='MCM:', input_type=str]
    For further information visit https://errors.pydantic.dev/2.13/v/model_type
context_control_codes.pattern
  Input should be a valid dictionary or instance of ContextControlCode [type=model_type, input_value='\\bMCM:(999|998|997|996)\\s+(.{0,200})', input_type=str]
    For further information visit https://errors.pydantic.dev/2.13/v/model_type
context_control_codes._note
  Input should be a valid dictionary or instance of ContextControlCode [type=model_type, input_value="Prefix MCM: required. Co...r match without prefix.", input_type=str]
    For further information visit https://errors.pydantic.dev/2.13/v/model_type
INFO:     Application startup complete.
INFO:     Uvicorn running on http://0.0.0.0:8000 (Press CTRL+C to quit)
[git_status] git commands timed out
[git_status] git commands timed out
